// Jest Snapshot v1, https://goo.gl/fbAQLP

exports[`<Icon> renders 1`] = `<Text />`;

exports[`<Icon> when {color} (only Native) 1`] = `<Text />`;

exports[`<Icon> when {family} 1`] = `<Text />`;

exports[`<Icon> when {size} 1`] = `<Text />`;

exports[`<Icon> when {value} 1`] = `<Text />`;
