// Jest Snapshot v1, https://goo.gl/fbAQLP

exports[`<ThemeProvider> renders 1`] = `null`;

exports[`<ThemeProvider> when {style} 1`] = `null`;
